***********************************************************************************************
***                                                                                         ***
***                                    LINK INFORMATION                                     ***
***                                                                                         ***
***********************************************************************************************

Linker version:

  SEGGER ARM Linker 4.38.13 compiled Aug 14 2024 00:05:45
  Copyright (c) 2017-2024 SEGGER Microcontroller GmbH    www.segger.com


***********************************************************************************************
***                                                                                         ***
***                                     MODULE SUMMARY                                      ***
***                                                                                         ***
***********************************************************************************************

Memory use by input file:

  Object File                                       RX Code     RO Data     RW Data     ZI Data
  ---------------------------------------------  ----------  ----------  ----------  ----------
  main.o                                                 78         872                        
  SEGGER_THUMB_Startup.o                                 20                                    
  STM32L432KC_GPIO.o                                    222                                    
  STM32L432KC_RCC.o                                     184                                    
  STM32L432KC_TIM.o                                     446                                    
  stm32l432xx_Vectors.o                                 532                                    
  STM32L4xx_Startup.o                                    64                                    
  ---------------------------------------------  ----------  ----------  ----------  ----------
  Subtotal (7 objects)                                1 546         872                        
  ---------------------------------------------  ----------  ----------  ----------  ----------
  Linker created (shared data, fills, blocks):                        4                   2 048
  =============================================  ==========  ==========  ==========  ==========
  Total:                                              1 546         876                   2 048
  =============================================  ==========  ==========  ==========  ==========

Memory use by archive member:

Memory use by linker:

  Description                                       RX Code     RO Data     RW Data     ZI Data
  ---------------------------------------------  ----------  ----------  ----------  ----------
  Initialization table                                                4                        
  Memory for block 'stack'                                                                2 048
  ---------------------------------------------  ----------  ----------  ----------  ----------
  Subtotal (linker created):                                          4                   2 048
  ---------------------------------------------  ----------  ----------  ----------  ----------
  Objects (7 files)                                   1 546         872                        
  =============================================  ==========  ==========  ==========  ==========
  Total:                                              1 546         876                   2 048
  =============================================  ==========  ==========  ==========  ==========


***********************************************************************************************
***                                                                                         ***
***                                     SECTION DETAIL                                      ***
***                                                                                         ***
***********************************************************************************************

Sections by address:

  Range              Symbol or [section] Name         Size  Al  Init  Ac  Object File
  -----------------  -------------------------  ----------  --  ----  --  -----------
  08000000-0800018b  _vectors                          396  512
                                                                Code  RX  stm32l432xx_Vectors.o
  0800018c-080001d7  pinOutputPWM                       76   4  Code  RX  STM32L432KC_GPIO.o
  080001d8-08000277  initTIM2_PWM                      160   4  Code  RX  STM32L432KC_TIM.o
  08000278-080002b3  playSong                           60   4  Code  RX  main.o
  080002b4-0800061b  notes                             872   4  Cnst  RO  main.o
  0800061c-0800062f  _start                             20   4  Code  RX  SEGGER_THUMB_Startup.o
  08000630-08000657  HardFault_Handler                  40   4  Code  RX  STM32L4xx_Startup.o
  08000658-080006e9  pinModeGPIOA                      146   4  Code  RX  STM32L432KC_GPIO.o
  080006ea-080006eb  NMI_Handler                         2   2  Code  RX  stm32l432xx_Vectors.o
  080006ec-08000779  configurePLL                      142   4  Code  RX  STM32L432KC_RCC.o
  0800077a-0800077b  MemManage_Handler                   2   2  Code  RX  stm32l432xx_Vectors.o
  0800077c-080007a5  configureClock                     42   4  Code  RX  STM32L432KC_RCC.o
  080007a6-080007a7  BusFault_Handler                    2   2  Code  RX  stm32l432xx_Vectors.o
  080007a8-08000845  initTIM6                          158   4  Code  RX  STM32L432KC_TIM.o
  08000846-08000847  UsageFault_Handler                  2   2  Code  RX  stm32l432xx_Vectors.o
  08000848-0800089d  delayMillis                        86   4  Code  RX  STM32L432KC_TIM.o
  0800089e-0800089f  SVC_Handler                         2   2  Code  RX  stm32l432xx_Vectors.o
  080008a0-080008c9  playNote                           42   4  Code  RX  STM32L432KC_TIM.o
  080008ca-080008cb  DebugMon_Handler                    2   2  Code  RX  stm32l432xx_Vectors.o
  080008cc-080008dd  main                               18   4  Code  RX  main.o
  080008de-080008df  PendSV_Handler                      2   2  Code  RX  stm32l432xx_Vectors.o
  080008e0-080008e1  SysTick_Handler                     2   2  Code  RX  stm32l432xx_Vectors.o
  080008e2-080008e3  WWDG_IRQHandler                     2   2  Code  RX  stm32l432xx_Vectors.o
  080008e4-080008e5  PVD_PVM_IRQHandler                  2   2  Code  RX  stm32l432xx_Vectors.o
  080008e6-080008e7  TAMP_STAMP_IRQHandler               2   2  Code  RX  stm32l432xx_Vectors.o
  080008e8-080008e9  RTC_WKUP_IRQHandler                 2   2  Code  RX  stm32l432xx_Vectors.o
  080008ea-080008eb  FLASH_IRQHandler                    2   2  Code  RX  stm32l432xx_Vectors.o
  080008ec-080008ed  RCC_IRQHandler                      2   2  Code  RX  stm32l432xx_Vectors.o
  080008ee-080008ef  EXTI0_IRQHandler                    2   2  Code  RX  stm32l432xx_Vectors.o
  080008f0-080008f1  EXTI1_IRQHandler                    2   2  Code  RX  stm32l432xx_Vectors.o
  080008f2-080008f3  EXTI2_IRQHandler                    2   2  Code  RX  stm32l432xx_Vectors.o
  080008f4-080008f5  EXTI3_IRQHandler                    2   2  Code  RX  stm32l432xx_Vectors.o
  080008f6-080008f7  EXTI4_IRQHandler                    2   2  Code  RX  stm32l432xx_Vectors.o
  080008f8-080008f9  DMA1_Channel1_IRQHandler            2   2  Code  RX  stm32l432xx_Vectors.o
  080008fa-080008fb  DMA1_Channel2_IRQHandler            2   2  Code  RX  stm32l432xx_Vectors.o
  080008fc-080008fd  DMA1_Channel3_IRQHandler            2   2  Code  RX  stm32l432xx_Vectors.o
  080008fe-080008ff  DMA1_Channel4_IRQHandler            2   2  Code  RX  stm32l432xx_Vectors.o
  08000900-08000901  DMA1_Channel5_IRQHandler            2   2  Code  RX  stm32l432xx_Vectors.o
  08000902-08000903  DMA1_Channel6_IRQHandler            2   2  Code  RX  stm32l432xx_Vectors.o
  08000904-08000905  DMA1_Channel7_IRQHandler            2   2  Code  RX  stm32l432xx_Vectors.o
  08000906-08000907  ADC1_IRQHandler                     2   2  Code  RX  stm32l432xx_Vectors.o
  08000908-08000909  CAN1_TX_IRQHandler                  2   2  Code  RX  stm32l432xx_Vectors.o
  0800090a-0800090b  CAN1_RX0_IRQHandler                 2   2  Code  RX  stm32l432xx_Vectors.o
  0800090c-0800090d  CAN1_RX1_IRQHandler                 2   2  Code  RX  stm32l432xx_Vectors.o
  0800090e-0800090f  CAN1_SCE_IRQHandler                 2   2  Code  RX  stm32l432xx_Vectors.o
  08000910-08000911  EXTI9_5_IRQHandler                  2   2  Code  RX  stm32l432xx_Vectors.o
  08000912-08000913  TIM1_BRK_TIM15_IRQHandler           2   2  Code  RX  stm32l432xx_Vectors.o
  08000914-08000915  TIM1_UP_TIM16_IRQHandler            2   2  Code  RX  stm32l432xx_Vectors.o
  08000916-08000917  TIM1_TRG_COM_IRQHandler             2   2  Code  RX  stm32l432xx_Vectors.o
  08000918-08000919  TIM1_CC_IRQHandler                  2   2  Code  RX  stm32l432xx_Vectors.o
  0800091a-0800091b  TIM2_IRQHandler                     2   2  Code  RX  stm32l432xx_Vectors.o
  0800091c-0800091d  I2C1_EV_IRQHandler                  2   2  Code  RX  stm32l432xx_Vectors.o
  0800091e-0800091f  I2C1_ER_IRQHandler                  2   2  Code  RX  stm32l432xx_Vectors.o
  08000920-08000921  SPI1_IRQHandler                     2   2  Code  RX  stm32l432xx_Vectors.o
  08000922-08000923  USART1_IRQHandler                   2   2  Code  RX  stm32l432xx_Vectors.o
  08000924-08000925  USART2_IRQHandler                   2   2  Code  RX  stm32l432xx_Vectors.o
  08000926-08000927  EXTI15_10_IRQHandler                2   2  Code  RX  stm32l432xx_Vectors.o
  08000928-08000929  RTC_Alarm_IRQHandler                2   2  Code  RX  stm32l432xx_Vectors.o
  0800092a-0800092b  SPI3_IRQHandler                     2   2  Code  RX  stm32l432xx_Vectors.o
  0800092c-0800092d  TIM6_DAC_IRQHandler                 2   2  Code  RX  stm32l432xx_Vectors.o
  0800092e-0800092f  TIM7_IRQHandler                     2   2  Code  RX  stm32l432xx_Vectors.o
  08000930-08000931  DMA2_Channel1_IRQHandler            2   2  Code  RX  stm32l432xx_Vectors.o
  08000932-08000933  DMA2_Channel2_IRQHandler            2   2  Code  RX  stm32l432xx_Vectors.o
  08000934-08000935  DMA2_Channel3_IRQHandler            2   2  Code  RX  stm32l432xx_Vectors.o
  08000936-08000937  DMA2_Channel4_IRQHandler            2   2  Code  RX  stm32l432xx_Vectors.o
  08000938-08000939  DMA2_Channel5_IRQHandler            2   2  Code  RX  stm32l432xx_Vectors.o
  0800093a-0800093b  COMP_IRQHandler                     2   2  Code  RX  stm32l432xx_Vectors.o
  0800093c-0800093d  LPTIM1_IRQHandler                   2   2  Code  RX  stm32l432xx_Vectors.o
  0800093e-0800093f  LPTIM2_IRQHandler                   2   2  Code  RX  stm32l432xx_Vectors.o
  08000940-08000941  USB_IRQHandler                      2   2  Code  RX  stm32l432xx_Vectors.o
  08000942-08000943  DMA2_Channel6_IRQHandler            2   2  Code  RX  stm32l432xx_Vectors.o
  08000944-08000945  DMA2_Channel7_IRQHandler            2   2  Code  RX  stm32l432xx_Vectors.o
  08000946-08000947  LPUART1_IRQHandler                  2   2  Code  RX  stm32l432xx_Vectors.o
  08000948-08000949  QUADSPI_IRQHandler                  2   2  Code  RX  stm32l432xx_Vectors.o
  0800094a-0800094b  I2C3_EV_IRQHandler                  2   2  Code  RX  stm32l432xx_Vectors.o
  0800094c-0800094d  I2C3_ER_IRQHandler                  2   2  Code  RX  stm32l432xx_Vectors.o
  0800094e-0800094f  SAI1_IRQHandler                     2   2  Code  RX  stm32l432xx_Vectors.o
  08000950-08000951  SWPMI1_IRQHandler                   2   2  Code  RX  stm32l432xx_Vectors.o
  08000952-08000953  TSC_IRQHandler                      2   2  Code  RX  stm32l432xx_Vectors.o
  08000954-08000955  RNG_IRQHandler                      2   2  Code  RX  stm32l432xx_Vectors.o
  08000956-08000957  FPU_IRQHandler                      2   2  Code  RX  stm32l432xx_Vectors.o
  08000958-08000959  CRS_IRQHandler                      2   2  Code  RX  stm32l432xx_Vectors.o
  0800095a-08000971  reset_handler                      24   2  Code  RX  STM32L4xx_Startup.o
  08000972-08000973  ( UNUSED .=.+2 )                    2   -  ----  -   -
  08000974-08000977  __SEGGER_init_table__               4   4  Cnst  RO  [ Linker created ]
  08000978-2000b7ff  ( UNUSED .=.+402697864 )   402 697 864
                                                             -  ----  -   -
  2000b800-2000bfff  [.bss.block.stack]              2 048   8  None  ZI  [ Linker created ]


***********************************************************************************************
***                                                                                         ***
***                                       SYMBOL LIST                                       ***
***                                                                                         ***
***********************************************************************************************

Weak symbols with no definition:

  Symbol name
  -------------------------
  SystemInit

Function symbols by name:

  Symbol name                   Address        Size  Align  Type  Bd  Object File
  -------------------------  ----------  ----------  -----  ----  --  -----------
  ADC1_IRQHandler            0x08000907                  2  Code  Wk  stm32l432xx_Vectors.o
  BusFault_Handler           0x080007A7                  2  Code  Wk  stm32l432xx_Vectors.o
  CAN1_RX0_IRQHandler        0x0800090B                  2  Code  Wk  stm32l432xx_Vectors.o
  CAN1_RX1_IRQHandler        0x0800090D                  2  Code  Wk  stm32l432xx_Vectors.o
  CAN1_SCE_IRQHandler        0x0800090F                  2  Code  Wk  stm32l432xx_Vectors.o
  CAN1_TX_IRQHandler         0x08000909                  2  Code  Wk  stm32l432xx_Vectors.o
  COMP_IRQHandler            0x0800093B                  2  Code  Wk  stm32l432xx_Vectors.o
  CRS_IRQHandler             0x08000959                  2  Code  Wk  stm32l432xx_Vectors.o
  DMA1_Channel1_IRQHandler   0x080008F9                  2  Code  Wk  stm32l432xx_Vectors.o
  DMA1_Channel2_IRQHandler   0x080008FB                  2  Code  Wk  stm32l432xx_Vectors.o
  DMA1_Channel3_IRQHandler   0x080008FD                  2  Code  Wk  stm32l432xx_Vectors.o
  DMA1_Channel4_IRQHandler   0x080008FF                  2  Code  Wk  stm32l432xx_Vectors.o
  DMA1_Channel5_IRQHandler   0x08000901                  2  Code  Wk  stm32l432xx_Vectors.o
  DMA1_Channel6_IRQHandler   0x08000903                  2  Code  Wk  stm32l432xx_Vectors.o
  DMA1_Channel7_IRQHandler   0x08000905                  2  Code  Wk  stm32l432xx_Vectors.o
  DMA2_Channel1_IRQHandler   0x08000931                  2  Code  Wk  stm32l432xx_Vectors.o
  DMA2_Channel2_IRQHandler   0x08000933                  2  Code  Wk  stm32l432xx_Vectors.o
  DMA2_Channel3_IRQHandler   0x08000935                  2  Code  Wk  stm32l432xx_Vectors.o
  DMA2_Channel4_IRQHandler   0x08000937                  2  Code  Wk  stm32l432xx_Vectors.o
  DMA2_Channel5_IRQHandler   0x08000939                  2  Code  Wk  stm32l432xx_Vectors.o
  DMA2_Channel6_IRQHandler   0x08000943                  2  Code  Wk  stm32l432xx_Vectors.o
  DMA2_Channel7_IRQHandler   0x08000945                  2  Code  Wk  stm32l432xx_Vectors.o
  DebugMon_Handler           0x080008CB                  2  Code  Wk  stm32l432xx_Vectors.o
  EXTI0_IRQHandler           0x080008EF                  2  Code  Wk  stm32l432xx_Vectors.o
  EXTI15_10_IRQHandler       0x08000927                  2  Code  Wk  stm32l432xx_Vectors.o
  EXTI1_IRQHandler           0x080008F1                  2  Code  Wk  stm32l432xx_Vectors.o
  EXTI2_IRQHandler           0x080008F3                  2  Code  Wk  stm32l432xx_Vectors.o
  EXTI3_IRQHandler           0x080008F5                  2  Code  Wk  stm32l432xx_Vectors.o
  EXTI4_IRQHandler           0x080008F7                  2  Code  Wk  stm32l432xx_Vectors.o
  EXTI9_5_IRQHandler         0x08000911                  2  Code  Wk  stm32l432xx_Vectors.o
  FLASH_IRQHandler           0x080008EB                  2  Code  Wk  stm32l432xx_Vectors.o
  FPU_IRQHandler             0x08000957                  2  Code  Wk  stm32l432xx_Vectors.o
  HardFault_Handler          0x08000631                  4  Code  Wk  STM32L4xx_Startup.o
  I2C1_ER_IRQHandler         0x0800091F                  2  Code  Wk  stm32l432xx_Vectors.o
  I2C1_EV_IRQHandler         0x0800091D                  2  Code  Wk  stm32l432xx_Vectors.o
  I2C3_ER_IRQHandler         0x0800094D                  2  Code  Wk  stm32l432xx_Vectors.o
  I2C3_EV_IRQHandler         0x0800094B                  2  Code  Wk  stm32l432xx_Vectors.o
  LPTIM1_IRQHandler          0x0800093D                  2  Code  Wk  stm32l432xx_Vectors.o
  LPTIM2_IRQHandler          0x0800093F                  2  Code  Wk  stm32l432xx_Vectors.o
  LPUART1_IRQHandler         0x08000947                  2  Code  Wk  stm32l432xx_Vectors.o
  MemManage_Handler          0x0800077B                  2  Code  Wk  stm32l432xx_Vectors.o
  NMI_Handler                0x080006EB                  2  Code  Wk  stm32l432xx_Vectors.o
  PVD_PVM_IRQHandler         0x080008E5                  2  Code  Wk  stm32l432xx_Vectors.o
  PendSV_Handler             0x080008DF                  2  Code  Wk  stm32l432xx_Vectors.o
  QUADSPI_IRQHandler         0x08000949                  2  Code  Wk  stm32l432xx_Vectors.o
  RCC_IRQHandler             0x080008ED                  2  Code  Wk  stm32l432xx_Vectors.o
  RNG_IRQHandler             0x08000955                  2  Code  Wk  stm32l432xx_Vectors.o
  RTC_Alarm_IRQHandler       0x08000929                  2  Code  Wk  stm32l432xx_Vectors.o
  RTC_WKUP_IRQHandler        0x080008E9                  2  Code  Wk  stm32l432xx_Vectors.o
  Reset_Handler              0x0800095B                  2  Code  Gb  STM32L4xx_Startup.o
  SAI1_IRQHandler            0x0800094F                  2  Code  Wk  stm32l432xx_Vectors.o
  SPI1_IRQHandler            0x08000921                  2  Code  Wk  stm32l432xx_Vectors.o
  SPI3_IRQHandler            0x0800092B                  2  Code  Wk  stm32l432xx_Vectors.o
  SVC_Handler                0x0800089F                  2  Code  Wk  stm32l432xx_Vectors.o
  SWPMI1_IRQHandler          0x08000951                  2  Code  Wk  stm32l432xx_Vectors.o
  SysTick_Handler            0x080008E1                  2  Code  Wk  stm32l432xx_Vectors.o
  TAMP_STAMP_IRQHandler      0x080008E7                  2  Code  Wk  stm32l432xx_Vectors.o
  TIM1_BRK_TIM15_IRQHandler  0x08000913                  2  Code  Wk  stm32l432xx_Vectors.o
  TIM1_CC_IRQHandler         0x08000919                  2  Code  Wk  stm32l432xx_Vectors.o
  TIM1_TRG_COM_IRQHandler    0x08000917                  2  Code  Wk  stm32l432xx_Vectors.o
  TIM1_UP_TIM16_IRQHandler   0x08000915                  2  Code  Wk  stm32l432xx_Vectors.o
  TIM2_IRQHandler            0x0800091B                  2  Code  Wk  stm32l432xx_Vectors.o
  TIM6_DAC_IRQHandler        0x0800092D                  2  Code  Wk  stm32l432xx_Vectors.o
  TIM7_IRQHandler            0x0800092F                  2  Code  Wk  stm32l432xx_Vectors.o
  TSC_IRQHandler             0x08000953                  2  Code  Wk  stm32l432xx_Vectors.o
  USART1_IRQHandler          0x08000923                  2  Code  Wk  stm32l432xx_Vectors.o
  USART2_IRQHandler          0x08000925                  2  Code  Wk  stm32l432xx_Vectors.o
  USB_IRQHandler             0x08000941                  2  Code  Wk  stm32l432xx_Vectors.o
  UsageFault_Handler         0x08000847                  2  Code  Wk  stm32l432xx_Vectors.o
  WWDG_IRQHandler            0x080008E3                  2  Code  Wk  stm32l432xx_Vectors.o
  __SEGGER_init_done         0x08000627                  4  Code  Gb  SEGGER_THUMB_Startup.o
  __startup_complete         0x08000627                  4  Code  Gb  SEGGER_THUMB_Startup.o
  _start                     0x0800061D          14      4  Code  Gb  SEGGER_THUMB_Startup.o
  configureClock             0x0800077D          42      4  Code  Gb  STM32L432KC_RCC.o
  configurePLL               0x080006ED         142      4  Code  Gb  STM32L432KC_RCC.o
  delayMillis                0x08000849          86      4  Code  Gb  STM32L432KC_TIM.o
  exit                       0x0800062B           2      4  Code  Gb  SEGGER_THUMB_Startup.o
  initTIM2_PWM               0x080001D9         160      4  Code  Gb  STM32L432KC_TIM.o
  initTIM6                   0x080007A9         158      4  Code  Gb  STM32L432KC_TIM.o
  main                       0x080008CD          18      4  Code  Gb  main.o
  pinModeGPIOA               0x08000659         146      4  Code  Gb  STM32L432KC_GPIO.o
  pinOutputPWM               0x0800018D          76      4  Code  Gb  STM32L432KC_GPIO.o
  playNote                   0x080008A1          42      4  Code  Gb  STM32L432KC_TIM.o
  playSong                   0x08000279          60      4  Code  Gb  main.o
  reset_handler              0x0800095B                  2  Code  Gb  STM32L4xx_Startup.o

Function symbols by address:

     Address  Symbol name                      Size  Align  Type  Bd  Object File
  ----------  -------------------------  ----------  -----  ----  --  -----------
  0x0800018D  pinOutputPWM                       76      4  Code  Gb  STM32L432KC_GPIO.o
  0x080001D9  initTIM2_PWM                      160      4  Code  Gb  STM32L432KC_TIM.o
  0x08000279  playSong                           60      4  Code  Gb  main.o
  0x0800061D  _start                             14      4  Code  Gb  SEGGER_THUMB_Startup.o
  0x08000627  __startup_complete                         4  Code  Gb  SEGGER_THUMB_Startup.o
  0x08000627  __SEGGER_init_done                         4  Code  Gb  SEGGER_THUMB_Startup.o
  0x0800062B  exit                                2      4  Code  Gb  SEGGER_THUMB_Startup.o
  0x08000631  HardFault_Handler                          4  Code  Wk  STM32L4xx_Startup.o
  0x08000659  pinModeGPIOA                      146      4  Code  Gb  STM32L432KC_GPIO.o
  0x080006EB  NMI_Handler                                2  Code  Wk  stm32l432xx_Vectors.o
  0x080006ED  configurePLL                      142      4  Code  Gb  STM32L432KC_RCC.o
  0x0800077B  MemManage_Handler                          2  Code  Wk  stm32l432xx_Vectors.o
  0x0800077D  configureClock                     42      4  Code  Gb  STM32L432KC_RCC.o
  0x080007A7  BusFault_Handler                           2  Code  Wk  stm32l432xx_Vectors.o
  0x080007A9  initTIM6                          158      4  Code  Gb  STM32L432KC_TIM.o
  0x08000847  UsageFault_Handler                         2  Code  Wk  stm32l432xx_Vectors.o
  0x08000849  delayMillis                        86      4  Code  Gb  STM32L432KC_TIM.o
  0x0800089F  SVC_Handler                                2  Code  Wk  stm32l432xx_Vectors.o
  0x080008A1  playNote                           42      4  Code  Gb  STM32L432KC_TIM.o
  0x080008CB  DebugMon_Handler                           2  Code  Wk  stm32l432xx_Vectors.o
  0x080008CD  main                               18      4  Code  Gb  main.o
  0x080008DF  PendSV_Handler                             2  Code  Wk  stm32l432xx_Vectors.o
  0x080008E1  SysTick_Handler                            2  Code  Wk  stm32l432xx_Vectors.o
  0x080008E3  WWDG_IRQHandler                            2  Code  Wk  stm32l432xx_Vectors.o
  0x080008E5  PVD_PVM_IRQHandler                         2  Code  Wk  stm32l432xx_Vectors.o
  0x080008E7  TAMP_STAMP_IRQHandler                      2  Code  Wk  stm32l432xx_Vectors.o
  0x080008E9  RTC_WKUP_IRQHandler                        2  Code  Wk  stm32l432xx_Vectors.o
  0x080008EB  FLASH_IRQHandler                           2  Code  Wk  stm32l432xx_Vectors.o
  0x080008ED  RCC_IRQHandler                             2  Code  Wk  stm32l432xx_Vectors.o
  0x080008EF  EXTI0_IRQHandler                           2  Code  Wk  stm32l432xx_Vectors.o
  0x080008F1  EXTI1_IRQHandler                           2  Code  Wk  stm32l432xx_Vectors.o
  0x080008F3  EXTI2_IRQHandler                           2  Code  Wk  stm32l432xx_Vectors.o
  0x080008F5  EXTI3_IRQHandler                           2  Code  Wk  stm32l432xx_Vectors.o
  0x080008F7  EXTI4_IRQHandler                           2  Code  Wk  stm32l432xx_Vectors.o
  0x080008F9  DMA1_Channel1_IRQHandler                   2  Code  Wk  stm32l432xx_Vectors.o
  0x080008FB  DMA1_Channel2_IRQHandler                   2  Code  Wk  stm32l432xx_Vectors.o
  0x080008FD  DMA1_Channel3_IRQHandler                   2  Code  Wk  stm32l432xx_Vectors.o
  0x080008FF  DMA1_Channel4_IRQHandler                   2  Code  Wk  stm32l432xx_Vectors.o
  0x08000901  DMA1_Channel5_IRQHandler                   2  Code  Wk  stm32l432xx_Vectors.o
  0x08000903  DMA1_Channel6_IRQHandler                   2  Code  Wk  stm32l432xx_Vectors.o
  0x08000905  DMA1_Channel7_IRQHandler                   2  Code  Wk  stm32l432xx_Vectors.o
  0x08000907  ADC1_IRQHandler                            2  Code  Wk  stm32l432xx_Vectors.o
  0x08000909  CAN1_TX_IRQHandler                         2  Code  Wk  stm32l432xx_Vectors.o
  0x0800090B  CAN1_RX0_IRQHandler                        2  Code  Wk  stm32l432xx_Vectors.o
  0x0800090D  CAN1_RX1_IRQHandler                        2  Code  Wk  stm32l432xx_Vectors.o
  0x0800090F  CAN1_SCE_IRQHandler                        2  Code  Wk  stm32l432xx_Vectors.o
  0x08000911  EXTI9_5_IRQHandler                         2  Code  Wk  stm32l432xx_Vectors.o
  0x08000913  TIM1_BRK_TIM15_IRQHandler                  2  Code  Wk  stm32l432xx_Vectors.o
  0x08000915  TIM1_UP_TIM16_IRQHandler                   2  Code  Wk  stm32l432xx_Vectors.o
  0x08000917  TIM1_TRG_COM_IRQHandler                    2  Code  Wk  stm32l432xx_Vectors.o
  0x08000919  TIM1_CC_IRQHandler                         2  Code  Wk  stm32l432xx_Vectors.o
  0x0800091B  TIM2_IRQHandler                            2  Code  Wk  stm32l432xx_Vectors.o
  0x0800091D  I2C1_EV_IRQHandler                         2  Code  Wk  stm32l432xx_Vectors.o
  0x0800091F  I2C1_ER_IRQHandler                         2  Code  Wk  stm32l432xx_Vectors.o
  0x08000921  SPI1_IRQHandler                            2  Code  Wk  stm32l432xx_Vectors.o
  0x08000923  USART1_IRQHandler                          2  Code  Wk  stm32l432xx_Vectors.o
  0x08000925  USART2_IRQHandler                          2  Code  Wk  stm32l432xx_Vectors.o
  0x08000927  EXTI15_10_IRQHandler                       2  Code  Wk  stm32l432xx_Vectors.o
  0x08000929  RTC_Alarm_IRQHandler                       2  Code  Wk  stm32l432xx_Vectors.o
  0x0800092B  SPI3_IRQHandler                            2  Code  Wk  stm32l432xx_Vectors.o
  0x0800092D  TIM6_DAC_IRQHandler                        2  Code  Wk  stm32l432xx_Vectors.o
  0x0800092F  TIM7_IRQHandler                            2  Code  Wk  stm32l432xx_Vectors.o
  0x08000931  DMA2_Channel1_IRQHandler                   2  Code  Wk  stm32l432xx_Vectors.o
  0x08000933  DMA2_Channel2_IRQHandler                   2  Code  Wk  stm32l432xx_Vectors.o
  0x08000935  DMA2_Channel3_IRQHandler                   2  Code  Wk  stm32l432xx_Vectors.o
  0x08000937  DMA2_Channel4_IRQHandler                   2  Code  Wk  stm32l432xx_Vectors.o
  0x08000939  DMA2_Channel5_IRQHandler                   2  Code  Wk  stm32l432xx_Vectors.o
  0x0800093B  COMP_IRQHandler                            2  Code  Wk  stm32l432xx_Vectors.o
  0x0800093D  LPTIM1_IRQHandler                          2  Code  Wk  stm32l432xx_Vectors.o
  0x0800093F  LPTIM2_IRQHandler                          2  Code  Wk  stm32l432xx_Vectors.o
  0x08000941  USB_IRQHandler                             2  Code  Wk  stm32l432xx_Vectors.o
  0x08000943  DMA2_Channel6_IRQHandler                   2  Code  Wk  stm32l432xx_Vectors.o
  0x08000945  DMA2_Channel7_IRQHandler                   2  Code  Wk  stm32l432xx_Vectors.o
  0x08000947  LPUART1_IRQHandler                         2  Code  Wk  stm32l432xx_Vectors.o
  0x08000949  QUADSPI_IRQHandler                         2  Code  Wk  stm32l432xx_Vectors.o
  0x0800094B  I2C3_EV_IRQHandler                         2  Code  Wk  stm32l432xx_Vectors.o
  0x0800094D  I2C3_ER_IRQHandler                         2  Code  Wk  stm32l432xx_Vectors.o
  0x0800094F  SAI1_IRQHandler                            2  Code  Wk  stm32l432xx_Vectors.o
  0x08000951  SWPMI1_IRQHandler                          2  Code  Wk  stm32l432xx_Vectors.o
  0x08000953  TSC_IRQHandler                             2  Code  Wk  stm32l432xx_Vectors.o
  0x08000955  RNG_IRQHandler                             2  Code  Wk  stm32l432xx_Vectors.o
  0x08000957  FPU_IRQHandler                             2  Code  Wk  stm32l432xx_Vectors.o
  0x08000959  CRS_IRQHandler                             2  Code  Wk  stm32l432xx_Vectors.o
  0x0800095B  reset_handler                              2  Code  Gb  STM32L4xx_Startup.o
  0x0800095B  Reset_Handler                              2  Code  Gb  STM32L4xx_Startup.o

Function symbols by descending size:

  Symbol name                      Size  Align  Type  Bd  Object File
  -------------------------  ----------  -----  ----  --  -----------
  initTIM2_PWM                      160      4  Code  Gb  STM32L432KC_TIM.o
  initTIM6                          158      4  Code  Gb  STM32L432KC_TIM.o
  pinModeGPIOA                      146      4  Code  Gb  STM32L432KC_GPIO.o
  configurePLL                      142      4  Code  Gb  STM32L432KC_RCC.o
  delayMillis                        86      4  Code  Gb  STM32L432KC_TIM.o
  pinOutputPWM                       76      4  Code  Gb  STM32L432KC_GPIO.o
  playSong                           60      4  Code  Gb  main.o
  configureClock                     42      4  Code  Gb  STM32L432KC_RCC.o
  playNote                           42      4  Code  Gb  STM32L432KC_TIM.o
  main                               18      4  Code  Gb  main.o
  _start                             14      4  Code  Gb  SEGGER_THUMB_Startup.o
  exit                                2      4  Code  Gb  SEGGER_THUMB_Startup.o
  ADC1_IRQHandler                            2  Code  Wk  stm32l432xx_Vectors.o
  BusFault_Handler                           2  Code  Wk  stm32l432xx_Vectors.o
  CAN1_RX0_IRQHandler                        2  Code  Wk  stm32l432xx_Vectors.o
  CAN1_RX1_IRQHandler                        2  Code  Wk  stm32l432xx_Vectors.o
  CAN1_SCE_IRQHandler                        2  Code  Wk  stm32l432xx_Vectors.o
  CAN1_TX_IRQHandler                         2  Code  Wk  stm32l432xx_Vectors.o
  COMP_IRQHandler                            2  Code  Wk  stm32l432xx_Vectors.o
  CRS_IRQHandler                             2  Code  Wk  stm32l432xx_Vectors.o
  DMA1_Channel1_IRQHandler                   2  Code  Wk  stm32l432xx_Vectors.o
  DMA1_Channel2_IRQHandler                   2  Code  Wk  stm32l432xx_Vectors.o
  DMA1_Channel3_IRQHandler                   2  Code  Wk  stm32l432xx_Vectors.o
  DMA1_Channel4_IRQHandler                   2  Code  Wk  stm32l432xx_Vectors.o
  DMA1_Channel5_IRQHandler                   2  Code  Wk  stm32l432xx_Vectors.o
  DMA1_Channel6_IRQHandler                   2  Code  Wk  stm32l432xx_Vectors.o
  DMA1_Channel7_IRQHandler                   2  Code  Wk  stm32l432xx_Vectors.o
  DMA2_Channel1_IRQHandler                   2  Code  Wk  stm32l432xx_Vectors.o
  DMA2_Channel2_IRQHandler                   2  Code  Wk  stm32l432xx_Vectors.o
  DMA2_Channel3_IRQHandler                   2  Code  Wk  stm32l432xx_Vectors.o
  DMA2_Channel4_IRQHandler                   2  Code  Wk  stm32l432xx_Vectors.o
  DMA2_Channel5_IRQHandler                   2  Code  Wk  stm32l432xx_Vectors.o
  DMA2_Channel6_IRQHandler                   2  Code  Wk  stm32l432xx_Vectors.o
  DMA2_Channel7_IRQHandler                   2  Code  Wk  stm32l432xx_Vectors.o
  DebugMon_Handler                           2  Code  Wk  stm32l432xx_Vectors.o
  EXTI0_IRQHandler                           2  Code  Wk  stm32l432xx_Vectors.o
  EXTI15_10_IRQHandler                       2  Code  Wk  stm32l432xx_Vectors.o
  EXTI1_IRQHandler                           2  Code  Wk  stm32l432xx_Vectors.o
  EXTI2_IRQHandler                           2  Code  Wk  stm32l432xx_Vectors.o
  EXTI3_IRQHandler                           2  Code  Wk  stm32l432xx_Vectors.o
  EXTI4_IRQHandler                           2  Code  Wk  stm32l432xx_Vectors.o
  EXTI9_5_IRQHandler                         2  Code  Wk  stm32l432xx_Vectors.o
  FLASH_IRQHandler                           2  Code  Wk  stm32l432xx_Vectors.o
  FPU_IRQHandler                             2  Code  Wk  stm32l432xx_Vectors.o
  HardFault_Handler                          4  Code  Wk  STM32L4xx_Startup.o
  I2C1_ER_IRQHandler                         2  Code  Wk  stm32l432xx_Vectors.o
  I2C1_EV_IRQHandler                         2  Code  Wk  stm32l432xx_Vectors.o
  I2C3_ER_IRQHandler                         2  Code  Wk  stm32l432xx_Vectors.o
  I2C3_EV_IRQHandler                         2  Code  Wk  stm32l432xx_Vectors.o
  LPTIM1_IRQHandler                          2  Code  Wk  stm32l432xx_Vectors.o
  LPTIM2_IRQHandler                          2  Code  Wk  stm32l432xx_Vectors.o
  LPUART1_IRQHandler                         2  Code  Wk  stm32l432xx_Vectors.o
  MemManage_Handler                          2  Code  Wk  stm32l432xx_Vectors.o
  NMI_Handler                                2  Code  Wk  stm32l432xx_Vectors.o
  PVD_PVM_IRQHandler                         2  Code  Wk  stm32l432xx_Vectors.o
  PendSV_Handler                             2  Code  Wk  stm32l432xx_Vectors.o
  QUADSPI_IRQHandler                         2  Code  Wk  stm32l432xx_Vectors.o
  RCC_IRQHandler                             2  Code  Wk  stm32l432xx_Vectors.o
  RNG_IRQHandler                             2  Code  Wk  stm32l432xx_Vectors.o
  RTC_Alarm_IRQHandler                       2  Code  Wk  stm32l432xx_Vectors.o
  RTC_WKUP_IRQHandler                        2  Code  Wk  stm32l432xx_Vectors.o
  Reset_Handler                              2  Code  Gb  STM32L4xx_Startup.o
  SAI1_IRQHandler                            2  Code  Wk  stm32l432xx_Vectors.o
  SPI1_IRQHandler                            2  Code  Wk  stm32l432xx_Vectors.o
  SPI3_IRQHandler                            2  Code  Wk  stm32l432xx_Vectors.o
  SVC_Handler                                2  Code  Wk  stm32l432xx_Vectors.o
  SWPMI1_IRQHandler                          2  Code  Wk  stm32l432xx_Vectors.o
  SysTick_Handler                            2  Code  Wk  stm32l432xx_Vectors.o
  TAMP_STAMP_IRQHandler                      2  Code  Wk  stm32l432xx_Vectors.o
  TIM1_BRK_TIM15_IRQHandler                  2  Code  Wk  stm32l432xx_Vectors.o
  TIM1_CC_IRQHandler                         2  Code  Wk  stm32l432xx_Vectors.o
  TIM1_TRG_COM_IRQHandler                    2  Code  Wk  stm32l432xx_Vectors.o
  TIM1_UP_TIM16_IRQHandler                   2  Code  Wk  stm32l432xx_Vectors.o
  TIM2_IRQHandler                            2  Code  Wk  stm32l432xx_Vectors.o
  TIM6_DAC_IRQHandler                        2  Code  Wk  stm32l432xx_Vectors.o
  TIM7_IRQHandler                            2  Code  Wk  stm32l432xx_Vectors.o
  TSC_IRQHandler                             2  Code  Wk  stm32l432xx_Vectors.o
  USART1_IRQHandler                          2  Code  Wk  stm32l432xx_Vectors.o
  USART2_IRQHandler                          2  Code  Wk  stm32l432xx_Vectors.o
  USB_IRQHandler                             2  Code  Wk  stm32l432xx_Vectors.o
  UsageFault_Handler                         2  Code  Wk  stm32l432xx_Vectors.o
  WWDG_IRQHandler                            2  Code  Wk  stm32l432xx_Vectors.o
  __SEGGER_init_done                         4  Code  Gb  SEGGER_THUMB_Startup.o
  __startup_complete                         4  Code  Gb  SEGGER_THUMB_Startup.o
  reset_handler                              2  Code  Gb  STM32L4xx_Startup.o

Read-only data symbols by name:

  Symbol name                   Address        Size  Align  Type  Bd  Object File
  -------------------------  ----------  ----------  -----  ----  --  -----------
  __SEGGER_init_table__      0x08000974         [4]      4  Cnst  Lc  [ Linker created ]
  notes                      0x080002B4         872      4  Cnst  Gb  main.o

Read-only data symbols by address:

     Address  Symbol name                      Size  Align  Type  Bd  Object File
  ----------  -------------------------  ----------  -----  ----  --  -----------
  0x080002B4  notes                             872      4  Cnst  Gb  main.o
  0x08000974  __SEGGER_init_table__             [4]      4  Cnst  Lc  [ Linker created ]

Untyped symbols by name:

  Symbol name                     Value        Size  Align  Type  Bd  Object File
  -------------------------  ----------  ----------  -----  ----  --  -----------
  __FLASH1_segment_end__     0x08040000                     ----  Gb  [ Linker created ]
  __FLASH1_segment_size__    0x00040000                     ----  Gb  [ Linker created ]
  __FLASH1_segment_start__   0x08000000                     ----  Gb  [ Linker created ]
  __FLASH1_segment_used_end__
                             0x08000978                     ----  Gb  [ Linker created ]
  __FLASH1_segment_used_size__
                             0x00000978                     ----  Gb  [ Linker created ]
  __FLASH1_segment_used_start__
                             0x08000000                     ----  Gb  [ Linker created ]
  __FLASH_segment_end__      0x08040000                     ----  Gb  [ Linker created ]
  __FLASH_segment_size__     0x00040000                     ----  Gb  [ Linker created ]
  __FLASH_segment_start__    0x08000000                     ----  Gb  [ Linker created ]
  __FLASH_segment_used_end__
                             0x08000978                     ----  Gb  [ Linker created ]
  __FLASH_segment_used_size__
                             0x00000978                     ----  Gb  [ Linker created ]
  __FLASH_segment_used_start__
                             0x08000000                     ----  Gb  [ Linker created ]
  __HEAPSIZE__               0x00000400                     ----  Gb  [ Linker created ]
  __RAM1_segment_end__       0x10004000                     ----  Gb  [ Linker created ]
  __RAM1_segment_size__      0x00004000                     ----  Gb  [ Linker created ]
  __RAM1_segment_start__     0x10000000                     ----  Gb  [ Linker created ]
  __RAM1_segment_used_end__  0x10000000                     ----  Gb  [ Linker created ]
  __RAM1_segment_used_size__
                             0x00000000                     ----  Gb  [ Linker created ]
  __RAM1_segment_used_start__
                             0x10000000                     ----  Gb  [ Linker created ]
  __RAM2_segment_end__       0x2000C000                     ----  Gb  [ Linker created ]
  __RAM2_segment_size__      0x0000C000                     ----  Gb  [ Linker created ]
  __RAM2_segment_start__     0x20000000                     ----  Gb  [ Linker created ]
  __RAM2_segment_used_end__  0x2000C000                     ----  Gb  [ Linker created ]
  __RAM2_segment_used_size__
                             0x00000800                     ----  Gb  [ Linker created ]
  __RAM2_segment_used_start__
                             0x2000B800                     ----  Gb  [ Linker created ]
  __RAM_segment_end__        0x2000C000                     ----  Gb  [ Linker created ]
  __RAM_segment_size__       0x1000C000                     ----  Gb  [ Linker created ]
  __RAM_segment_start__      0x10000000                     ----  Gb  [ Linker created ]
  __RAM_segment_used_end__   0x2000C000                     ----  Gb  [ Linker created ]
  __RAM_segment_used_size__  0x00000800                     ----  Gb  [ Linker created ]
  __RAM_segment_used_start__
                             0x2000B800                     ----  Gb  [ Linker created ]
  __STACKSIZE_PROCESS__      0x00000000                     ----  Gb  [ Linker created ]
  __STACKSIZE__              0x00000800                     ----  Gb  [ Linker created ]
  __stack_end__              0x2000C000                     ----  Gb  [ Linker created ]
  __thread_pointer$          0x00000000                     ----  Gb  [ Linker created ]
  _vectors                   0x08000000       [396]    512  Code  Gb  stm32l432xx_Vectors.o
  _vectors_end               0x0800018C                512  Code  Lc  stm32l432xx_Vectors.o

Untyped symbols by address:

       Value  Symbol name                      Size  Align  Type  Bd  Object File
  ----------  -------------------------  ----------  -----  ----  --  -----------
  0x00000000  __thread_pointer$                             ----  Gb  [ Linker created ]
  0x00000000  __STACKSIZE_PROCESS__                         ----  Gb  [ Linker created ]
  0x00000000  __RAM1_segment_used_size__
                                                            ----  Gb  [ Linker created ]
  0x00000400  __HEAPSIZE__                                  ----  Gb  [ Linker created ]
  0x00000800  __STACKSIZE__                                 ----  Gb  [ Linker created ]
  0x00000800  __RAM_segment_used_size__                     ----  Gb  [ Linker created ]
  0x00000800  __RAM2_segment_used_size__
                                                            ----  Gb  [ Linker created ]
  0x00000978  __FLASH_segment_used_size__
                                                            ----  Gb  [ Linker created ]
  0x00000978  __FLASH1_segment_used_size__
                                                            ----  Gb  [ Linker created ]
  0x00004000  __RAM1_segment_size__                         ----  Gb  [ Linker created ]
  0x0000C000  __RAM2_segment_size__                         ----  Gb  [ Linker created ]
  0x00040000  __FLASH_segment_size__                        ----  Gb  [ Linker created ]
  0x00040000  __FLASH1_segment_size__                       ----  Gb  [ Linker created ]
  0x08000000  _vectors                        [396]    512  Code  Gb  stm32l432xx_Vectors.o
  0x08000000  __FLASH_segment_used_start__
                                                            ----  Gb  [ Linker created ]
  0x08000000  __FLASH_segment_start__                       ----  Gb  [ Linker created ]
  0x08000000  __FLASH1_segment_used_start__
                                                            ----  Gb  [ Linker created ]
  0x08000000  __FLASH1_segment_start__                      ----  Gb  [ Linker created ]
  0x0800018C  _vectors_end                             512  Code  Lc  stm32l432xx_Vectors.o
  0x08000978  __FLASH_segment_used_end__
                                                            ----  Gb  [ Linker created ]
  0x08000978  __FLASH1_segment_used_end__
                                                            ----  Gb  [ Linker created ]
  0x08040000  __FLASH_segment_end__                         ----  Gb  [ Linker created ]
  0x08040000  __FLASH1_segment_end__                        ----  Gb  [ Linker created ]
  0x10000000  __RAM_segment_start__                         ----  Gb  [ Linker created ]
  0x10000000  __RAM1_segment_used_start__
                                                            ----  Gb  [ Linker created ]
  0x10000000  __RAM1_segment_used_end__                     ----  Gb  [ Linker created ]
  0x10000000  __RAM1_segment_start__                        ----  Gb  [ Linker created ]
  0x10004000  __RAM1_segment_end__                          ----  Gb  [ Linker created ]
  0x1000C000  __RAM_segment_size__                          ----  Gb  [ Linker created ]
  0x20000000  __RAM2_segment_start__                        ----  Gb  [ Linker created ]
  0x2000B800  __RAM_segment_used_start__
                                                            ----  Gb  [ Linker created ]
  0x2000B800  __RAM2_segment_used_start__
                                                            ----  Gb  [ Linker created ]
  0x2000C000  __stack_end__                                 ----  Gb  [ Linker created ]
  0x2000C000  __RAM_segment_used_end__                      ----  Gb  [ Linker created ]
  0x2000C000  __RAM_segment_end__                           ----  Gb  [ Linker created ]
  0x2000C000  __RAM2_segment_used_end__                     ----  Gb  [ Linker created ]
  0x2000C000  __RAM2_segment_end__                          ----  Gb  [ Linker created ]


***********************************************************************************************
***                                                                                         ***
***                                      LINK SUMMARY                                       ***
***                                                                                         ***
***********************************************************************************************

Memory breakdown:

    1 546 bytes read-only  code    + 
      876 bytes read-only  data    =   2 422 bytes read-only (total)
    2 048 bytes read-write data

Region summary:

  Name        Range                     Size                 Used               Unused       Alignment Loss
  ----------  -----------------  -----------  -------------------  -------------------  -------------------
  FLASH       08000000-0803ffff      262 144        2 422   0.92%      259 722  99.08%            0   0.00%
  RAM2        20000000-2000bfff       49 152        2 048   4.17%       47 104  95.83%            0   0.00%

Link complete: 0 errors, 0 warnings, 0 remarks
